2026-01-30 12:01:30 - com.cts.PersonMain1 - Starting PersonMain1 using Java 21.0.8 with PID 14024 (C:\Users\2383505\IdeaProjects\springbootjpa_app1\target\classes started by 2383505 in C:\Users\2383505\IdeaProjects\springbootjpa_app1)
2026-01-30 12:01:30 - com.cts.PersonMain1 - No active profile set, falling back to 1 default profile: "default"
2026-01-30 12:01:31 - o.s.d.r.c.RepositoryConfigurationDelegate - Bootstrapping Spring Data JPA repositories in DEFAULT mode.
2026-01-30 12:01:31 - o.s.d.r.c.RepositoryConfigurationDelegate - Finished Spring Data repository scanning in 115 ms. Found 1 JPA repository interface.
2026-01-30 12:01:32 - o.s.b.w.e.tomcat.TomcatWebServer - Tomcat initialized with port 8080 (http)
2026-01-30 12:01:32 - o.a.coyote.http11.Http11NioProtocol - Initializing ProtocolHandler ["http-nio-8080"]
2026-01-30 12:01:32 - o.a.catalina.core.StandardService - Starting service [Tomcat]
2026-01-30 12:01:32 - o.a.catalina.core.StandardEngine - Starting Servlet engine: [Apache Tomcat/10.1.50]
2026-01-30 12:01:32 - o.a.c.c.C.[Tomcat].[localhost].[/] - Initializing Spring embedded WebApplicationContext
2026-01-30 12:01:32 - o.s.b.w.s.c.ServletWebServerApplicationContext - Root WebApplicationContext: initialization completed in 1896 ms
2026-01-30 12:01:33 - o.h.jpa.internal.util.LogHelper - HHH000204: Processing PersistenceUnitInfo [name: default]
2026-01-30 12:01:33 - org.hibernate.Version - HHH000412: Hibernate ORM core version 6.6.39.Final
2026-01-30 12:01:33 - o.h.c.i.RegionFactoryInitiator - HHH000026: Second-level cache disabled
2026-01-30 12:01:33 - o.s.o.j.p.SpringPersistenceUnitInfo - No LoadTimeWeaver setup: ignoring JPA class transformer
2026-01-30 12:01:33 - com.zaxxer.hikari.HikariDataSource - HikariPool-1 - Starting...
2026-01-30 12:01:34 - com.zaxxer.hikari.pool.HikariPool - HikariPool-1 - Added connection com.mysql.cj.jdbc.ConnectionImpl@e886caf
2026-01-30 12:01:34 - com.zaxxer.hikari.HikariDataSource - HikariPool-1 - Start completed.
2026-01-30 12:01:34 - org.hibernate.orm.deprecation - HHH90000025: MySQLDialect does not need to be specified explicitly using 'hibernate.dialect' (remove the property setting and it will be selected by default)
2026-01-30 12:01:34 - o.hibernate.orm.connections.pooling - HHH10001005: Database info:
	Database JDBC URL [Connecting through datasource 'HikariDataSource (HikariPool-1)']
	Database driver: undefined/unknown
	Database version: 8.0.44
	Autocommit mode: undefined/unknown
	Isolation level: undefined/unknown
	Minimum pool size: undefined/unknown
	Maximum pool size: undefined/unknown
2026-01-30 12:01:35 - o.h.e.t.j.p.i.JtaPlatformInitiator - HHH000489: No JTA platform available (set 'hibernate.transaction.jta.platform' to enable JTA platform integration)
2026-01-30 12:01:35 - o.s.o.j.LocalContainerEntityManagerFactoryBean - Initialized JPA EntityManagerFactory for persistence unit 'default'
2026-01-30 12:01:35 - o.s.b.a.o.j.JpaBaseConfiguration$JpaWebConfiguration - spring.jpa.open-in-view is enabled by default. Therefore, database queries may be performed during view rendering. Explicitly configure spring.jpa.open-in-view to disable this warning
2026-01-30 12:01:35 - o.a.coyote.http11.Http11NioProtocol - Starting ProtocolHandler ["http-nio-8080"]
2026-01-30 12:01:35 - o.s.b.w.e.tomcat.TomcatWebServer - Tomcat started on port 8080 (http) with context path '/'
2026-01-30 12:01:35 - com.cts.PersonMain1 - Started PersonMain1 in 6.101 seconds (process running for 6.736)
2026-01-30 12:02:35 - o.s.b.w.e.tomcat.GracefulShutdown - Commencing graceful shutdown. Waiting for active requests to complete
2026-01-30 12:02:35 - o.s.b.w.e.tomcat.GracefulShutdown - Graceful shutdown complete
2026-01-30 12:02:35 - o.s.o.j.LocalContainerEntityManagerFactoryBean - Closing JPA EntityManagerFactory for persistence unit 'default'
2026-01-30 12:02:35 - com.zaxxer.hikari.HikariDataSource - HikariPool-1 - Shutdown initiated...
2026-01-30 12:02:35 - com.zaxxer.hikari.HikariDataSource - HikariPool-1 - Shutdown completed.
2026-01-30 12:02:39 - com.cts.PersonMain1 - Starting PersonMain1 using Java 21.0.8 with PID 20156 (C:\Users\2383505\IdeaProjects\springbootjpa_app1\target\classes started by 2383505 in C:\Users\2383505\IdeaProjects\springbootjpa_app1)
2026-01-30 12:02:39 - com.cts.PersonMain1 - No active profile set, falling back to 1 default profile: "default"
2026-01-30 12:02:40 - o.s.d.r.c.RepositoryConfigurationDelegate - Bootstrapping Spring Data JPA repositories in DEFAULT mode.
2026-01-30 12:02:40 - o.s.d.r.c.RepositoryConfigurationDelegate - Finished Spring Data repository scanning in 55 ms. Found 1 JPA repository interface.
2026-01-30 12:02:40 - o.s.b.w.e.tomcat.TomcatWebServer - Tomcat initialized with port 8082 (http)
2026-01-30 12:02:40 - o.a.coyote.http11.Http11NioProtocol - Initializing ProtocolHandler ["http-nio-8082"]
2026-01-30 12:02:40 - o.a.catalina.core.StandardService - Starting service [Tomcat]
2026-01-30 12:02:40 - o.a.catalina.core.StandardEngine - Starting Servlet engine: [Apache Tomcat/10.1.50]
2026-01-30 12:02:40 - o.a.c.c.C.[Tomcat].[localhost].[/] - Initializing Spring embedded WebApplicationContext
2026-01-30 12:02:40 - o.s.b.w.s.c.ServletWebServerApplicationContext - Root WebApplicationContext: initialization completed in 1457 ms
2026-01-30 12:02:41 - o.h.jpa.internal.util.LogHelper - HHH000204: Processing PersistenceUnitInfo [name: default]
2026-01-30 12:02:41 - org.hibernate.Version - HHH000412: Hibernate ORM core version 6.6.39.Final
2026-01-30 12:02:41 - o.h.c.i.RegionFactoryInitiator - HHH000026: Second-level cache disabled
2026-01-30 12:02:41 - o.s.o.j.p.SpringPersistenceUnitInfo - No LoadTimeWeaver setup: ignoring JPA class transformer
2026-01-30 12:02:41 - com.zaxxer.hikari.HikariDataSource - HikariPool-1 - Starting...
2026-01-30 12:02:41 - com.zaxxer.hikari.pool.HikariPool - HikariPool-1 - Added connection com.mysql.cj.jdbc.ConnectionImpl@30704f85
2026-01-30 12:02:41 - com.zaxxer.hikari.HikariDataSource - HikariPool-1 - Start completed.
2026-01-30 12:02:41 - org.hibernate.orm.deprecation - HHH90000025: MySQLDialect does not need to be specified explicitly using 'hibernate.dialect' (remove the property setting and it will be selected by default)
2026-01-30 12:02:41 - o.hibernate.orm.connections.pooling - HHH10001005: Database info:
	Database JDBC URL [Connecting through datasource 'HikariDataSource (HikariPool-1)']
	Database driver: undefined/unknown
	Database version: 8.0.44
	Autocommit mode: undefined/unknown
	Isolation level: undefined/unknown
	Minimum pool size: undefined/unknown
	Maximum pool size: undefined/unknown
2026-01-30 12:02:42 - o.h.e.t.j.p.i.JtaPlatformInitiator - HHH000489: No JTA platform available (set 'hibernate.transaction.jta.platform' to enable JTA platform integration)
2026-01-30 12:02:42 - o.s.o.j.LocalContainerEntityManagerFactoryBean - Initialized JPA EntityManagerFactory for persistence unit 'default'
2026-01-30 12:02:42 - o.s.b.a.o.j.JpaBaseConfiguration$JpaWebConfiguration - spring.jpa.open-in-view is enabled by default. Therefore, database queries may be performed during view rendering. Explicitly configure spring.jpa.open-in-view to disable this warning
2026-01-30 12:02:43 - o.a.coyote.http11.Http11NioProtocol - Starting ProtocolHandler ["http-nio-8082"]
2026-01-30 12:02:43 - o.s.b.w.e.tomcat.TomcatWebServer - Tomcat started on port 8082 (http) with context path '/'
2026-01-30 12:02:43 - com.cts.PersonMain1 - Started PersonMain1 in 5.062 seconds (process running for 5.509)
2026-01-30 12:03:46 - o.a.c.c.C.[Tomcat].[localhost].[/] - Initializing Spring DispatcherServlet 'dispatcherServlet'
2026-01-30 12:03:46 - o.s.web.servlet.DispatcherServlet - Initializing Servlet 'dispatcherServlet'
2026-01-30 12:03:46 - o.s.web.servlet.DispatcherServlet - Completed initialization in 1 ms
2026-01-30 12:03:46 - com.cts.service.PersonService - all data [Person(personId=1, personName=ram kumar, personSalary=13000.0, gender=male)]
2026-01-30 12:40:02 - com.zaxxer.hikari.pool.HikariPool - HikariPool-1 - Thread starvation or clock leap detected (housekeeper delta=30m20s336ms80µs800ns).
